// Jest Snapshot v1, https://goo.gl/fbAQLP

exports[`App renders correctly 1`] = `
<RCTSafeAreaView
  emulateUnlessSupported={true}
  style={
    Object {
      "flex": 1,
    }
  }
>
  <RCTScrollView
    ListFooterComponent={[Function]}
    contentContainerStyle={
      Object {
        "paddingBottom": 10,
        "paddingTop": 20,
      }
    }
    data={Array []}
    disableVirtualization={false}
    getItem={[Function]}
    getItemCount={[Function]}
    horizontal={false}
    initialNumToRender={10}
    keyExtractor={[Function]}
    maxToRenderPerBatch={10}
    numColumns={1}
    onContentSizeChange={[Function]}
    onEndReached={[Function]}
    onEndReachedThreshold={0.4}
    onLayout={[Function]}
    onMomentumScrollEnd={[Function]}
    onRefresh={[Function]}
    onScroll={[Function]}
    onScrollBeginDrag={[Function]}
    onScrollEndDrag={[Function]}
    refreshControl={
      <RefreshControlMock
        onRefresh={[Function]}
        refreshing={false}
      />
    }
    refreshing={false}
    removeClippedSubviews={false}
    renderItem={[Function]}
    scrollEventThrottle={50}
    stickyHeaderIndices={Array []}
    style={
      Object {
        "flex": 1,
        "paddingHorizontal": 20,
      }
    }
    updateCellsBatchingPeriod={50}
    viewabilityConfigCallbackPairs={Array []}
    windowSize={21}
  >
    <RCTRefreshControl />
    <View>
      <View
        onLayout={[Function]}
      />
    </View>
  </RCTScrollView>
</RCTSafeAreaView>
`;
