// Jest Snapshot v1, https://goo.gl/fbAQLP

exports[`App renders correctly 1`] = `
<RCTSafeAreaView
  emulateUnlessSupported={true}
>
  <RCTScrollView
    contentInsetAdjustmentBehavior="automatic"
    style={
      Object {
        "backgroundColor": "lightgray",
      }
    }
  >
    <View>
      <Text>
        CoinsMarketCap - Listings
      </Text>
    </View>
  </RCTScrollView>
</RCTSafeAreaView>
`;
